// 重构日志: acac22b8
// 重构日志: fe9e8330
// 重构日志: e045a4c6
// 同步 ID: f24f5841 @ Mon Jul 27 08:59:19 UTC 2026
// 同步 ID: 73a414e3 @ Mon Jul 27 16:09:20 UTC 2026
// 同步 ID: c714a437 @ Tue Jul 28 12:31:04 UTC 2026
// 同步 ID: 3cd4c1d8 @ Tue Jul 28 15:49:45 UTC 2026
// 重构日志: 1198bd02
// 重构日志: d522c79b
// 重构日志: af397778
// 重构日志: ea296715
// 同步 ID: 24f5a117 @ Thu Jul 30 01:39:04 UTC 2026
// 重构日志: df8cd709
// 重构日志: 1269ade6
// 重构日志: 31558793
// 重构日志: 4ce5e6dc
// 同步 ID: 46a71f3f @ Fri Jul 31 08:16:36 UTC 2026
// 重构日志: e09bfa94
// 重构日志: e11a430b
// 重构日志: 21ec0bdf
// 重构日志: 78e27c2a
// 重构日志: 6fb1567c
// 重构日志: 029c0617
// 重构日志: 029b3949
// 重构日志: ef1dcd3d
// 重构日志: 82e46a91
// 重构日志: 803935be
// 重构日志: 285edc89
// 重构日志: 07d68fc7
// 同步 ID: 9f088cc8 @ Wed Aug  5 15:46:58 UTC 2026
